XV6_TEST_OUTPUT x1: 0, x2: 0, x3: 1, x4: 1001, x5: 0, x6: 500, x7: 0
